{
  "run_dir": "logs/ragged/gemma-7b/sharegpt_c64",
  "model": "two_term",
  "bin_s": 0.2,
  "n_bins": 240,
  "n_iters_total": 3709,
  "weight_bytes": 17075798016.0,
  "kv_bytes_per_token": 458752.0,
  "matmul_flops_per_token": 17075798016.0,
  "attn_flops_per_resident_token": 458752.0,
  "active_params": 8537899008.0,
  "idle_power_w": 118.367,
  "task": "sharegpt",
  "concurrency_or_rate": 64,
  "p_static_source": "idle_baseline",
  "e_bit_j_per_byte": 1.8242565632257333e-10,
  "e_flop_j_per_flop": 5.391982240564125e-13,
  "p_static_w": 118.367,
  "r2_energy": 0.0864926759050979,
  "r2_power": -0.7564940384033558,
  "bytes_flops_pearson": -0.7452277909560494,
  "identifiable": true,
  "arithmetic_intensity_min": 1.0,
  "arithmetic_intensity_max": 1501.708824699497,
  "binned_table": "logs/ragged/gemma-7b/sharegpt_c64/binned_table.csv",
  "e_flop_pJ_per_flop": 0.5391982240564126
}
