{
  "run_dir": "logs/ragged_a100/gemma-7b/alpaca_c16",
  "model": "two_term",
  "bin_s": 0.2,
  "n_bins": 245,
  "n_iters_total": 3120,
  "weight_bytes": 17075798016.0,
  "kv_bytes_per_token": 458752.0,
  "matmul_flops_per_token": 17075798016.0,
  "attn_flops_per_resident_token": 458752.0,
  "active_params": 8537899008.0,
  "idle_power_w": 75.297,
  "task": "alpaca",
  "concurrency_or_rate": 16,
  "p_static_source": "idle_baseline",
  "e_bit_j_per_byte": 1.7832130501791746e-10,
  "e_flop_j_per_flop": 1.4370286705547286e-12,
  "p_static_w": 75.297,
  "r2_energy": -0.541243466668353,
  "r2_power": -1.6111559051026627,
  "bytes_flops_pearson": -0.0882913198271493,
  "identifiable": true,
  "arithmetic_intensity_min": 1.0,
  "arithmetic_intensity_max": 48.52989232567457,
  "binned_table": "logs/ragged_a100/gemma-7b/alpaca_c16/binned_table.csv",
  "e_flop_pJ_per_flop": 1.4370286705547286
}
