{
  "run_dir": "logs/ragged_a100/gemma-7b/sharegpt_c64",
  "phase": "decode",
  "bin_s": 0.2,
  "n_bins": 231,
  "n_iters_total": 1753,
  "weight_bytes": 17075798016.0,
  "kv_bytes_per_token": 458752.0,
  "byte_source": "models.py:gemma-7b",
  "idle_power_w": 75.297,
  "p_static_source": "idle_baseline",
  "e_bit_j_per_byte": 2.510798505855337e-10,
  "e_bit_aggregate": 2.7178213104616473e-10,
  "p_static_w": 75.297,
  "e_bit_joint": -2.8525523854628264e-12,
  "p_static_joint": 298.6742522687843,
  "r2_energy": -29.959497247686905,
  "r2_power": -38.987693950839045,
  "mean_power_w": 296.3218739532424,
  "mean_bytes_per_bin": 162500356778.66666,
  "mean_dynamic_power_w": 221.04352648718313
}
