{
  "run_dir": "logs/ragged_a100/gemma-7b/sharegpt_c64",
  "model": "two_term",
  "bin_s": 0.2,
  "n_bins": 250,
  "n_iters_total": 2006,
  "weight_bytes": 17075798016.0,
  "kv_bytes_per_token": 458752.0,
  "matmul_flops_per_token": 17075798016.0,
  "attn_flops_per_resident_token": 458752.0,
  "active_params": 8537899008.0,
  "idle_power_w": 75.297,
  "task": "sharegpt",
  "concurrency_or_rate": 64,
  "p_static_source": "idle_baseline",
  "e_bit_j_per_byte": 1.9664491073701675e-10,
  "e_flop_j_per_flop": 6.635582709334233e-13,
  "p_static_w": 75.297,
  "r2_energy": -11.774173605469274,
  "r2_power": -15.085640092881121,
  "bytes_flops_pearson": -0.6882345113512196,
  "identifiable": true,
  "arithmetic_intensity_min": 1.6921455048862901,
  "arithmetic_intensity_max": 3727.8525862128795,
  "binned_table": "logs/ragged_a100/gemma-7b/sharegpt_c64/binned_table.csv",
  "e_flop_pJ_per_flop": 0.6635582709334232
}
