{
  "run_dir": "logs/ragged/gemma-7b/sharegpt_poisson8",
  "model": "two_term",
  "bin_s": 0.2,
  "n_bins": 237,
  "n_iters_total": 4938,
  "weight_bytes": 17075798016.0,
  "kv_bytes_per_token": 458752.0,
  "matmul_flops_per_token": 17075798016.0,
  "attn_flops_per_resident_token": 458752.0,
  "active_params": 8537899008.0,
  "idle_power_w": 118.367,
  "task": "sharegpt",
  "concurrency_or_rate": "poisson:8.0",
  "p_static_source": "idle_baseline",
  "e_bit_j_per_byte": 1.387231231486842e-10,
  "e_flop_j_per_flop": 3.927159467455576e-13,
  "p_static_w": 118.367,
  "r2_energy": 0.27632120651214653,
  "r2_power": 0.08554167664686863,
  "bytes_flops_pearson": -0.544492943868334,
  "identifiable": true,
  "arithmetic_intensity_min": 1.7056196961260732,
  "arithmetic_intensity_max": 1404.2974727440865,
  "binned_table": "logs/ragged/gemma-7b/sharegpt_poisson8/binned_table.csv",
  "e_flop_pJ_per_flop": 0.3927159467455576
}
