{
  "run_dir": "logs/ragged/gemma-7b/alpaca_c1",
  "model": "two_term",
  "bin_s": 0.2,
  "n_bins": 231,
  "n_iters_total": 5595,
  "weight_bytes": 17075798016.0,
  "kv_bytes_per_token": 458752.0,
  "matmul_flops_per_token": 17075798016.0,
  "attn_flops_per_resident_token": 458752.0,
  "active_params": 8537899008.0,
  "idle_power_w": 118.367,
  "task": "alpaca",
  "concurrency_or_rate": 1,
  "p_static_source": "idle_baseline",
  "e_bit_j_per_byte": 1.01740405982837e-10,
  "e_flop_j_per_flop": 8.263981037435353e-13,
  "p_static_w": 118.367,
  "r2_energy": 0.5733868668313036,
  "r2_power": -13.747712272387673,
  "bytes_flops_pearson": 0.11450698664151544,
  "identifiable": true,
  "arithmetic_intensity_min": 0.9005811983553064,
  "arithmetic_intensity_max": 4.578159379644352,
  "binned_table": "logs/ragged/gemma-7b/alpaca_c1/binned_table.csv",
  "e_flop_pJ_per_flop": 0.8263981037435353
}
