{
  "run_dir": "logs/load_sweep/gemma-7b/c4_in512_out128",
  "phase": "decode",
  "bin_s": 0.2,
  "n_bins": 228,
  "n_iters_total": 5334,
  "weight_bytes": 17075798016.0,
  "kv_bytes_per_token": 458752.0,
  "byte_source": "models.py:gemma-7b",
  "idle_power_w": 118.384,
  "p_static_source": "idle_baseline",
  "e_bit_j_per_byte": 1.160959991622139e-10,
  "e_bit_aggregate": 1.1632522085185053e-10,
  "p_static_w": 118.384,
  "e_bit_joint": 3.2117074225063606e-12,
  "p_static_joint": 344.6061856063785,
  "r2_energy": 0.5940711936545469,
  "r2_power": -14.145865234693835,
  "mean_power_w": 351.0440437441915,
  "mean_bytes_per_bin": 398747096980.2105,
  "mean_dynamic_power_w": 232.64850887491824
}
