{
  "run_dir": "logs/ragged/gemma-7b/sharegpt_c4",
  "phase": "decode",
  "bin_s": 0.2,
  "n_bins": 235,
  "n_iters_total": 5424,
  "weight_bytes": 17075798016.0,
  "kv_bytes_per_token": 458752.0,
  "byte_source": "models.py:gemma-7b",
  "idle_power_w": 118.367,
  "p_static_source": "idle_baseline",
  "e_bit_j_per_byte": 1.132651059634762e-10,
  "e_bit_aggregate": 1.1386136692684781e-10,
  "p_static_w": 118.367,
  "e_bit_joint": 1.0200667403254253e-11,
  "p_static_joint": 318.93007479600516,
  "r2_energy": -0.41603107525981375,
  "r2_power": -1.9753448002163143,
  "mean_power_w": 338.6415022384949,
  "mean_bytes_per_bin": 386119768613.03827,
  "mean_dynamic_power_w": 220.2908308314564
}
