{
  "run_dir": "logs/ragged/gemma-7b/sharegpt_c4",
  "model": "two_term",
  "bin_s": 0.2,
  "n_bins": 235,
  "n_iters_total": 5511,
  "weight_bytes": 17075798016.0,
  "kv_bytes_per_token": 458752.0,
  "matmul_flops_per_token": 17075798016.0,
  "attn_flops_per_resident_token": 458752.0,
  "active_params": 8537899008.0,
  "idle_power_w": 118.367,
  "task": "sharegpt",
  "concurrency_or_rate": 4,
  "p_static_source": "idle_baseline",
  "e_bit_j_per_byte": 1.0944884011657996e-10,
  "e_flop_j_per_flop": 3.8103386917186404e-13,
  "p_static_w": 118.367,
  "r2_energy": 0.2868501005284465,
  "r2_power": -0.49886095480224446,
  "bytes_flops_pearson": -0.460931647640523,
  "identifiable": true,
  "arithmetic_intensity_min": 1.0,
  "arithmetic_intensity_max": 135.90297224876178,
  "binned_table": "logs/ragged/gemma-7b/sharegpt_c4/binned_table.csv",
  "e_flop_pJ_per_flop": 0.38103386917186405
}
