{
  "run_dir": "logs/ragged/gemma-7b/alpaca_c4",
  "phase": "decode",
  "bin_s": 0.2,
  "n_bins": 236,
  "n_iters_total": 5530,
  "weight_bytes": 17075798016.0,
  "kv_bytes_per_token": 458752.0,
  "byte_source": "models.py:gemma-7b",
  "idle_power_w": 118.367,
  "p_static_source": "idle_baseline",
  "e_bit_j_per_byte": 1.1008936331763736e-10,
  "e_bit_aggregate": 1.1028260951132506e-10,
  "p_static_w": 118.367,
  "e_bit_joint": -4.258746287615479e-12,
  "p_static_joint": 340.5184379889885,
  "r2_energy": -6.987573619932229,
  "r2_power": -10.703610377528367,
  "mean_power_w": 332.2542268099927,
  "mean_bytes_per_bin": 387780170908.20337,
  "mean_dynamic_power_w": 213.8895623201586
}
