{
  "run_dir": "logs/ragged/gemma-7b/alpaca_c4",
  "model": "two_term",
  "bin_s": 0.2,
  "n_bins": 236,
  "n_iters_total": 5631,
  "weight_bytes": 17075798016.0,
  "kv_bytes_per_token": 458752.0,
  "matmul_flops_per_token": 17075798016.0,
  "attn_flops_per_resident_token": 458752.0,
  "active_params": 8537899008.0,
  "idle_power_w": 118.367,
  "task": "alpaca",
  "concurrency_or_rate": 4,
  "p_static_source": "idle_baseline",
  "e_bit_j_per_byte": 1.0274989556854432e-10,
  "e_flop_j_per_flop": 1.2484979234047036e-12,
  "p_static_w": 118.367,
  "r2_energy": -1.0427744980408113,
  "r2_power": -1.993268805397327,
  "bytes_flops_pearson": -0.2643129978379108,
  "identifiable": true,
  "arithmetic_intensity_min": 1.0,
  "arithmetic_intensity_max": 11.743987886036317,
  "binned_table": "logs/ragged/gemma-7b/alpaca_c4/binned_table.csv",
  "e_flop_pJ_per_flop": 1.2484979234047036
}
