{
  "run_dir": "logs/ragged_a100/gemma-7b/alpaca_c1",
  "phase": "decode",
  "bin_s": 0.2,
  "n_bins": 242,
  "n_iters_total": 3371,
  "weight_bytes": 17075798016.0,
  "kv_bytes_per_token": 458752.0,
  "byte_source": "models.py:gemma-7b",
  "idle_power_w": 75.297,
  "p_static_source": "idle_baseline",
  "e_bit_j_per_byte": 1.7544617599681764e-10,
  "e_bit_aggregate": 1.7558818887184066e-10,
  "p_static_w": 75.297,
  "e_bit_joint": -3.2079194276504095e-13,
  "p_static_joint": 270.0074512022215,
  "r2_energy": 0.6380247387868676,
  "r2_power": -1.942022041791088,
  "mean_power_w": 269.66205876806777,
  "mean_bytes_per_bin": 220788197223.66943,
  "mean_dynamic_power_w": 194.35793125731385
}
