{
  "run_dir": "logs/ragged_a100/gemma-7b/alpaca_c1",
  "model": "two_term",
  "bin_s": 0.2,
  "n_bins": 242,
  "n_iters_total": 3405,
  "weight_bytes": 17075798016.0,
  "kv_bytes_per_token": 458752.0,
  "matmul_flops_per_token": 17075798016.0,
  "attn_flops_per_resident_token": 458752.0,
  "active_params": 8537899008.0,
  "idle_power_w": 75.297,
  "task": "alpaca",
  "concurrency_or_rate": 1,
  "p_static_source": "idle_baseline",
  "e_bit_j_per_byte": 1.777301574469894e-10,
  "e_flop_j_per_flop": -3.4219824356634944e-12,
  "p_static_w": 75.297,
  "r2_energy": 0.7474010492988858,
  "r2_power": -1.0601689488205177,
  "bytes_flops_pearson": 0.3602720089603035,
  "identifiable": true,
  "arithmetic_intensity_min": 0.9235772586645642,
  "arithmetic_intensity_max": 6.123664735918686,
  "binned_table": "logs/ragged_a100/gemma-7b/alpaca_c1/binned_table.csv",
  "e_flop_pJ_per_flop": -3.4219824356634945
}
