{
  "run_dir": "logs/ragged_a100/gemma-7b/sharegpt_poisson8",
  "phase": "decode",
  "bin_s": 0.2,
  "n_bins": 249,
  "n_iters_total": 2050,
  "weight_bytes": 17075798016.0,
  "kv_bytes_per_token": 458752.0,
  "byte_source": "models.py:gemma-7b",
  "idle_power_w": 75.297,
  "p_static_source": "idle_baseline",
  "e_bit_j_per_byte": 2.510257824545625e-10,
  "e_bit_aggregate": 2.7126631676069034e-10,
  "p_static_w": 75.297,
  "e_bit_joint": -1.1385819687178277e-11,
  "p_static_joint": 302.3721292592478,
  "r2_energy": -13.28776000147623,
  "r2_power": -17.402358401971384,
  "mean_power_w": 293.19118545454086,
  "mean_bytes_per_bin": 160415122329.18875,
  "mean_dynamic_power_w": 217.9177367563238
}
