{
  "run_dir": "logs/ragged_a100/gemma-7b/sharegpt_poisson8",
  "model": "two_term",
  "bin_s": 0.2,
  "n_bins": 254,
  "n_iters_total": 2352,
  "weight_bytes": 17075798016.0,
  "kv_bytes_per_token": 458752.0,
  "matmul_flops_per_token": 17075798016.0,
  "attn_flops_per_resident_token": 458752.0,
  "active_params": 8537899008.0,
  "idle_power_w": 75.297,
  "task": "sharegpt",
  "concurrency_or_rate": "poisson:8.0",
  "p_static_source": "idle_baseline",
  "e_bit_j_per_byte": 2.017307630706935e-10,
  "e_flop_j_per_flop": 5.726614492381272e-13,
  "p_static_w": 75.297,
  "r2_energy": -4.2334669159009595,
  "r2_power": -5.738019474426158,
  "bytes_flops_pearson": -0.5916185285270276,
  "identifiable": true,
  "arithmetic_intensity_min": 1.6586449743929381,
  "arithmetic_intensity_max": 3030.6017000717443,
  "binned_table": "logs/ragged_a100/gemma-7b/sharegpt_poisson8/binned_table.csv",
  "e_flop_pJ_per_flop": 0.5726614492381272
}
