{
  "run_dir": "logs/ragged_a100/gemma-7b/sharegpt_c16",
  "model": "two_term",
  "bin_s": 0.2,
  "n_bins": 246,
  "n_iters_total": 2729,
  "weight_bytes": 17075798016.0,
  "kv_bytes_per_token": 458752.0,
  "matmul_flops_per_token": 17075798016.0,
  "attn_flops_per_resident_token": 458752.0,
  "active_params": 8537899008.0,
  "idle_power_w": 75.297,
  "task": "sharegpt",
  "concurrency_or_rate": 16,
  "p_static_source": "idle_baseline",
  "e_bit_j_per_byte": 1.929012350656223e-10,
  "e_flop_j_per_flop": 7.378711343879565e-13,
  "p_static_w": 75.297,
  "r2_energy": -1.3780561718013487,
  "r2_power": -3.6225864311164235,
  "bytes_flops_pearson": -0.6634064720605899,
  "identifiable": true,
  "arithmetic_intensity_min": 0.834188621611302,
  "arithmetic_intensity_max": 3218.252235880528,
  "binned_table": "logs/ragged_a100/gemma-7b/sharegpt_c16/binned_table.csv",
  "e_flop_pJ_per_flop": 0.7378711343879565
}
