{
  "run_dir": "logs/ragged_a100/gemma-7b/alpaca_c64",
  "model": "two_term",
  "bin_s": 0.2,
  "n_bins": 248,
  "n_iters_total": 2606,
  "weight_bytes": 17075798016.0,
  "kv_bytes_per_token": 458752.0,
  "matmul_flops_per_token": 17075798016.0,
  "attn_flops_per_resident_token": 458752.0,
  "active_params": 8537899008.0,
  "idle_power_w": 75.297,
  "task": "alpaca",
  "concurrency_or_rate": 64,
  "p_static_source": "idle_baseline",
  "e_bit_j_per_byte": 1.7101995770263693e-10,
  "e_flop_j_per_flop": 9.071740374238799e-13,
  "p_static_w": 75.297,
  "r2_energy": -0.8184313905199625,
  "r2_power": -1.8265400178725444,
  "bytes_flops_pearson": -0.5613154801655895,
  "identifiable": true,
  "arithmetic_intensity_min": 1.0,
  "arithmetic_intensity_max": 622.717967437052,
  "binned_table": "logs/ragged_a100/gemma-7b/alpaca_c64/binned_table.csv",
  "e_flop_pJ_per_flop": 0.9071740374238799
}
