{
  "run_dir": "logs/load_sweep/gemma-7b/c64_in512_out128",
  "phase": "decode",
  "bin_s": 0.2,
  "n_bins": 226,
  "n_iters_total": 3946,
  "weight_bytes": 17075798016.0,
  "kv_bytes_per_token": 458752.0,
  "byte_source": "models.py:gemma-7b",
  "idle_power_w": 118.384,
  "p_static_source": "idle_baseline",
  "e_bit_j_per_byte": 1.8463328554125322e-10,
  "e_bit_aggregate": 1.869130737639642e-10,
  "p_static_w": 118.384,
  "e_bit_joint": -1.396400056651486e-11,
  "p_static_joint": 455.4872372116408,
  "r2_energy": -1.337705694882989,
  "r2_power": -28.491767406793684,
  "mean_power_w": 432.0514780589579,
  "mean_bytes_per_bin": 334452026268.3186,
  "mean_dynamic_power_w": 313.6673072828446
}
