{
  "run_dir": "logs/load_sweep/gemma-7b/c4_in2048_out128",
  "phase": "decode",
  "bin_s": 0.2,
  "n_bins": 230,
  "n_iters_total": 5080,
  "weight_bytes": 17075798016.0,
  "kv_bytes_per_token": 458752.0,
  "byte_source": "models.py:gemma-7b",
  "idle_power_w": 118.384,
  "p_static_source": "idle_baseline",
  "e_bit_j_per_byte": 1.3945324362498648e-10,
  "e_bit_aggregate": 1.3977047893275107e-10,
  "p_static_w": 118.384,
  "e_bit_joint": 1.6842978481569644e-12,
  "p_static_joint": 389.1472080713512,
  "r2_energy": 0.37515884924126,
  "r2_power": -12.071858085918908,
  "mean_power_w": 392.4710208187883,
  "mean_bytes_per_bin": 391052645242.43475,
  "mean_dynamic_power_w": 274.0711117735181
}
