{
  "run_dir": "logs/load_sweep/gemma-7b/c2_in2048_out128",
  "phase": "decode",
  "bin_s": 0.2,
  "n_bins": 229,
  "n_iters_total": 5334,
  "weight_bytes": 17075798016.0,
  "kv_bytes_per_token": 458752.0,
  "byte_source": "models.py:gemma-7b",
  "idle_power_w": 118.384,
  "p_static_source": "idle_baseline",
  "e_bit_j_per_byte": 1.2154493836786241e-10,
  "e_bit_aggregate": 1.220955355610286e-10,
  "p_static_w": 118.384,
  "e_bit_joint": 4.090268989756811e-13,
  "p_static_joint": 369.1468293033956,
  "r2_energy": -0.40974281679682467,
  "r2_power": -41.152721305649024,
  "mean_power_w": 370.0000325372954,
  "mean_bytes_per_bin": 411098897036.8559,
  "mean_dynamic_power_w": 251.6087311465995
}
