{
  "run_dir": "logs/load_sweep/gemma-7b/c32_in2048_out128",
  "phase": "decode",
  "bin_s": 0.2,
  "n_bins": 232,
  "n_iters_total": 4445,
  "weight_bytes": 17075798016.0,
  "kv_bytes_per_token": 458752.0,
  "byte_source": "models.py:gemma-7b",
  "idle_power_w": 118.384,
  "p_static_source": "idle_baseline",
  "e_bit_j_per_byte": 1.4392195607124431e-10,
  "e_bit_aggregate": 1.4512093320141592e-10,
  "p_static_w": 118.384,
  "e_bit_joint": -2.299964837613557e-12,
  "p_static_joint": 383.5844222355706,
  "r2_energy": -0.6604814188421948,
  "r2_power": -34.03513808461386,
  "mean_power_w": 379.4490922575096,
  "mean_bytes_per_bin": 358640682089.931,
  "mean_dynamic_power_w": 261.06348824040066
}
