{
  "run_dir": "logs/load_sweep/gemma-7b/c2_in512_out128",
  "phase": "decode",
  "bin_s": 0.2,
  "n_bins": 226,
  "n_iters_total": 5334,
  "weight_bytes": 17075798016.0,
  "kv_bytes_per_token": 458752.0,
  "byte_source": "models.py:gemma-7b",
  "idle_power_w": 118.384,
  "p_static_source": "idle_baseline",
  "e_bit_j_per_byte": 1.101246846502447e-10,
  "e_bit_aggregate": 1.108318367472738e-10,
  "p_static_w": 118.384,
  "e_bit_joint": 5.806372947121393e-13,
  "p_static_joint": 339.4672242363576,
  "r2_energy": -3.054795185676735,
  "r2_power": -83.28731529077805,
  "mean_power_w": 340.6423654619109,
  "mean_bytes_per_bin": 400373322271.7168,
  "mean_dynamic_power_w": 222.25168783932287
}
