{
  "run_dir": "logs/ragged_a100/gemma-7b/sharegpt_c4",
  "model": "two_term",
  "bin_s": 0.2,
  "n_bins": 241,
  "n_iters_total": 3184,
  "weight_bytes": 17075798016.0,
  "kv_bytes_per_token": 458752.0,
  "matmul_flops_per_token": 17075798016.0,
  "attn_flops_per_resident_token": 458752.0,
  "active_params": 8537899008.0,
  "idle_power_w": 75.297,
  "task": "sharegpt",
  "concurrency_or_rate": 4,
  "p_static_source": "idle_baseline",
  "e_bit_j_per_byte": 1.7508233905417334e-10,
  "e_flop_j_per_flop": 9.97840686872031e-13,
  "p_static_w": 75.297,
  "r2_energy": 0.06331837506098337,
  "r2_power": -1.011031507233231,
  "bytes_flops_pearson": -0.8162031663589249,
  "identifiable": true,
  "arithmetic_intensity_min": 1.0,
  "arithmetic_intensity_max": 943.6915254969127,
  "binned_table": "logs/ragged_a100/gemma-7b/sharegpt_c4/binned_table.csv",
  "e_flop_pJ_per_flop": 0.9978406868720311
}
