{
  "run_dir": "logs/ragged_a100/gemma-7b/alpaca_poisson8",
  "model": "two_term",
  "bin_s": 0.2,
  "n_bins": 241,
  "n_iters_total": 2950,
  "weight_bytes": 17075798016.0,
  "kv_bytes_per_token": 458752.0,
  "matmul_flops_per_token": 17075798016.0,
  "attn_flops_per_resident_token": 458752.0,
  "active_params": 8537899008.0,
  "idle_power_w": 75.297,
  "task": "alpaca",
  "concurrency_or_rate": "poisson:8.0",
  "p_static_source": "idle_baseline",
  "e_bit_j_per_byte": 1.8417023076196958e-10,
  "e_flop_j_per_flop": 8.673972468379561e-13,
  "p_static_w": 75.297,
  "r2_energy": 0.04585007095239324,
  "r2_power": -0.5941681032229118,
  "bytes_flops_pearson": -0.14582202220817064,
  "identifiable": true,
  "arithmetic_intensity_min": 1.4397814561823696,
  "arithmetic_intensity_max": 44.82193200826141,
  "binned_table": "logs/ragged_a100/gemma-7b/alpaca_poisson8/binned_table.csv",
  "e_flop_pJ_per_flop": 0.8673972468379562
}
