{
  "run_dir": "logs/ragged_a100/gemma-7b/sharegpt_c1",
  "phase": "decode",
  "bin_s": 0.2,
  "n_bins": 226,
  "n_iters_total": 3087,
  "weight_bytes": 17075798016.0,
  "kv_bytes_per_token": 458752.0,
  "byte_source": "models.py:gemma-7b",
  "idle_power_w": 75.297,
  "p_static_source": "idle_baseline",
  "e_bit_j_per_byte": 1.7870357362370876e-10,
  "e_bit_aggregate": 1.7898200385964775e-10,
  "p_static_w": 75.297,
  "e_bit_joint": 6.916078809498095e-12,
  "p_static_joint": 263.81639497455905,
  "r2_energy": -5.583731735737014,
  "r2_power": -8.753020818521872,
  "mean_power_w": 271.39421079812894,
  "mean_bytes_per_bin": 219026529361.55753,
  "mean_dynamic_power_w": 196.09691684861048
}
