{
  "run_dir": "logs/ragged_a100/gemma-7b/sharegpt_c1",
  "model": "two_term",
  "bin_s": 0.2,
  "n_bins": 226,
  "n_iters_total": 3117,
  "weight_bytes": 17075798016.0,
  "kv_bytes_per_token": 458752.0,
  "matmul_flops_per_token": 17075798016.0,
  "attn_flops_per_resident_token": 458752.0,
  "active_params": 8537899008.0,
  "idle_power_w": 75.297,
  "task": "sharegpt",
  "concurrency_or_rate": 1,
  "p_static_source": "idle_baseline",
  "e_bit_j_per_byte": 1.7746660079793472e-10,
  "e_flop_j_per_flop": -2.0300912295302405e-13,
  "p_static_w": 75.297,
  "r2_energy": -2.7884655138481333,
  "r2_power": -4.613334950745909,
  "bytes_flops_pearson": 0.10973629555211732,
  "identifiable": true,
  "arithmetic_intensity_min": 0.9235847894560876,
  "arithmetic_intensity_max": 40.75419080961876,
  "binned_table": "logs/ragged_a100/gemma-7b/sharegpt_c1/binned_table.csv",
  "e_flop_pJ_per_flop": -0.20300912295302406
}
