{
  "run_dir": "logs/ragged/gemma-7b/sharegpt_c1",
  "phase": "decode",
  "bin_s": 0.2,
  "n_bins": 230,
  "n_iters_total": 5368,
  "weight_bytes": 17075798016.0,
  "kv_bytes_per_token": 458752.0,
  "byte_source": "models.py:gemma-7b",
  "idle_power_w": 118.367,
  "p_static_source": "idle_baseline",
  "e_bit_j_per_byte": 1.0448669237021479e-10,
  "e_bit_aggregate": 1.0500329699637592e-10,
  "p_static_w": 118.367,
  "e_bit_joint": 2.49915782811502e-12,
  "p_static_joint": 318.60387436225983,
  "r2_energy": -0.1951140349232965,
  "r2_power": -9.504813443089777,
  "mean_power_w": 323.4875307081252,
  "mean_bytes_per_bin": 389666156508.3826,
  "mean_dynamic_power_w": 205.11935575163622
}
