{
  "run_dir": "logs/ragged/gemma-7b/sharegpt_c1",
  "model": "two_term",
  "bin_s": 0.2,
  "n_bins": 230,
  "n_iters_total": 5418,
  "weight_bytes": 17075798016.0,
  "kv_bytes_per_token": 458752.0,
  "matmul_flops_per_token": 17075798016.0,
  "attn_flops_per_resident_token": 458752.0,
  "active_params": 8537899008.0,
  "idle_power_w": 118.367,
  "task": "sharegpt",
  "concurrency_or_rate": 1,
  "p_static_source": "idle_baseline",
  "e_bit_j_per_byte": 1.0324341752416317e-10,
  "e_flop_j_per_flop": 2.6394659467384554e-13,
  "p_static_w": 118.367,
  "r2_energy": 0.03255244666661805,
  "r2_power": -7.505900696204478,
  "bytes_flops_pearson": -0.07931334585265819,
  "identifiable": true,
  "arithmetic_intensity_min": 0.9585884773243957,
  "arithmetic_intensity_max": 55.2728840836008,
  "binned_table": "logs/ragged/gemma-7b/sharegpt_c1/binned_table.csv",
  "e_flop_pJ_per_flop": 0.2639465946738455
}
