{
  "run_dir": "logs/ragged/gemma-7b/alpaca_c16",
  "model": "two_term",
  "bin_s": 0.2,
  "n_bins": 236,
  "n_iters_total": 5298,
  "weight_bytes": 17075798016.0,
  "kv_bytes_per_token": 458752.0,
  "matmul_flops_per_token": 17075798016.0,
  "attn_flops_per_resident_token": 458752.0,
  "active_params": 8537899008.0,
  "idle_power_w": 118.367,
  "task": "alpaca",
  "concurrency_or_rate": 16,
  "p_static_source": "idle_baseline",
  "e_bit_j_per_byte": 1.1431744276800055e-10,
  "e_flop_j_per_flop": 8.563454327224676e-13,
  "p_static_w": 118.367,
  "r2_energy": 0.6185621607839634,
  "r2_power": -0.4771053564934935,
  "bytes_flops_pearson": 0.018330236482226696,
  "identifiable": true,
  "arithmetic_intensity_min": 1.0,
  "arithmetic_intensity_max": 32.91592549061305,
  "binned_table": "logs/ragged/gemma-7b/alpaca_c16/binned_table.csv",
  "e_flop_pJ_per_flop": 0.8563454327224675
}
