{
  "run_dir": "logs/ragged/gemma-7b/alpaca_poisson8",
  "model": "two_term",
  "bin_s": 0.2,
  "n_bins": 232,
  "n_iters_total": 5208,
  "weight_bytes": 17075798016.0,
  "kv_bytes_per_token": 458752.0,
  "matmul_flops_per_token": 17075798016.0,
  "attn_flops_per_resident_token": 458752.0,
  "active_params": 8537899008.0,
  "idle_power_w": 118.367,
  "task": "alpaca",
  "concurrency_or_rate": "poisson:8.0",
  "p_static_source": "idle_baseline",
  "e_bit_j_per_byte": 1.0983664946822121e-10,
  "e_flop_j_per_flop": 1.222822782191454e-12,
  "p_static_w": 118.367,
  "r2_energy": 0.7115948530558349,
  "r2_power": -0.44342193764578375,
  "bytes_flops_pearson": 0.19850248643785873,
  "identifiable": true,
  "arithmetic_intensity_min": 1.0,
  "arithmetic_intensity_max": 28.415862651800392,
  "binned_table": "logs/ragged/gemma-7b/alpaca_poisson8/binned_table.csv",
  "e_flop_pJ_per_flop": 1.222822782191454
}
